Waiting on operation [projects/project-a0b2f7d8-d4bf-4557-923/regions/us-central1/operations/8402d333-475e-3ee7-95cf-ed8dd4674521].
Waiting for cluster creation operation...
WARNING: Failed to validate permissions required for default service account: '704841236800-compute@developer.gserviceaccount.com'. Cluster creation could still be successful if required permissions have been granted to the respective service accounts as mentioned in the document https://cloud.google.com/dataproc/docs/concepts/configuring-clusters/service-accounts#dataproc_service_accounts_2. This could be due to Cloud Resource Manager API hasn't been enabled in your project '704841236800' before or it is disabled. Enable it by visiting 'https://console.developers.google.com/apis/api/cloudresourcemanager.googleapis.com/overview?project=704841236800'.
WARNING: For PD-Standard without local SSDs, we strongly recommend provisioning 1TB or larger to ensure consistently high I/O performance. See https://cloud.google.com/compute/docs/disks/performance for information on disk I/O performance.
WARNING: The firewall rules for specified network or subnetwork would allow ingress traffic from 0.0.0.0/0, which could be a security risk.
................................................................................................................................................................................................................................................................................................................................................................................................................................................................................................................................................................................................................................................................................................................................................................................................................................................................................done.
Created [https://dataproc.googleapis.com/v1/projects/project-a0b2f7d8-d4bf-4557-923/regions/us-central1/clusters/dss-bench-5w-10gb-8864] Cluster placed in zone [us-central1-b].
Job [29c23a9f97294b8ea83508f8001a3d61] submitted.
Waiting for job output...
26/04/05 04:40:07 INFO SparkEnv: Registering MapOutputTracker
26/04/05 04:40:07 INFO SparkEnv: Registering BlockManagerMaster
26/04/05 04:40:07 INFO SparkEnv: Registering BlockManagerMasterHeartbeat
26/04/05 04:40:07 INFO SparkEnv: Registering OutputCommitCoordinator
26/04/05 04:40:09 INFO DataprocSparkPlugin: Registered 128 driver metrics
26/04/05 04:40:10 INFO DefaultNoHARMFailoverProxyProvider: Connecting to ResourceManager at dss-bench-5w-10gb-8864-m.us-central1-b.c.project-a0b2f7d8-d4bf-4557-923.internal./10.128.15.192:8032
26/04/05 04:40:11 INFO AHSProxy: Connecting to Application History server at dss-bench-5w-10gb-8864-m.us-central1-b.c.project-a0b2f7d8-d4bf-4557-923.internal./10.128.15.192:10200
26/04/05 04:40:13 INFO Configuration: resource-types.xml not found
26/04/05 04:40:13 INFO ResourceUtils: Unable to find 'resource-types.xml'.
26/04/05 04:40:16 INFO YarnClientImpl: Submitted application application_1775363913363_0001
26/04/05 04:40:17 INFO DefaultNoHARMFailoverProxyProvider: Connecting to ResourceManager at dss-bench-5w-10gb-8864-m.us-central1-b.c.project-a0b2f7d8-d4bf-4557-923.internal./10.128.15.192:8030
26/04/05 04:40:19 INFO GhfsStorageStatistics: Detected potential high latency for operation op_get_file_status. latencyMs=649; previousMaxLatencyMs=0; operationCount=1; context=gs://dataproc-temp-us-central1-704841236800-j6gvsmmu/84e97fcd-a216-4617-bfd2-4016adccec05/spark-job-history
26/04/05 04:40:19 INFO GoogleCloudStorageImpl: Ignoring exception of type GoogleJsonResponseException; verified object already exists with desired state.

============================================================
 DSS CLOUD PIPELINE
============================================================
 Input           : gs://dss-project-dax/data/full/2019-Oct.csv
 Output          : gs://dss-project-dax/results/5w_10gb
 Sample fraction : 2.0
============================================================

>>> [ETL 1/5] Reading raw events ...
    Doubling dataset (union trick for ~10 GB variant) ...
    Loaded 84,897,528 rows  (43.7s)

>>> [ETL 2/5] Synthesising device & referrer columns ...
    Done  (0.1s)

>>> [ETL 3/5] Deriving orders from purchase events ...
    1,485,698 orders  (24.3s)

>>> [ETL 4/5] Deriving product catalog ...
    166,794 products  (37.0s)

    ETL total: 105.1s

>>> [WRITE] Saving ETL outputs ...
    ETL Parquet written  (223.9s)

>>> [ATTR 1/2] Building session_referrers (30-min inactivity window) ...
    15,592,850 sessions  (9,354,989 non-direct)  (185.2s)

>>> [ATTR 2/2] Running last-touch attribution (24-hr lookback) ...
    1,051,458 attributed  (434,240 unattributed)  (58.1s)

>>> [WRITE] Saving attribution outputs ...
    Attribution Parquet written  (63.5s)

>>> [ANOM 1/2] Computing system-level daily anomalies ...
26/04/05 04:51:08 WARN WindowExec: No Partition Defined for Window operation! Moving all data to a single partition, this can cause serious performance degradation.
26/04/05 04:51:08 WARN WindowExec: No Partition Defined for Window operation! Moving all data to a single partition, this can cause serious performance degradation.
    31 days, 6 anomalies flagged  (4.3s)

>>> [ANOM 2/2] Computing per-category daily anomalies ...
    3261 (date,category) rows, 460 anomalies flagged  (11.6s)

>>> [WRITE] Saving anomaly detection outputs ...
    Anomaly Parquet written  (12.0s)

============================================================
 PIPELINE SUMMARY
============================================================
 Metric                                        Value
 ----------------------------------- ---------------
 Input rows                               84,897,528
 Orders derived                            1,485,698
 Catalog products                            166,794
 Orders attributed                         1,051,458
 Days analysed                                    31
 System anomalies flagged                          6
 Category (date,cat) rows                      3,261
 Category anomalies flagged                      460
 ----------------------------------- ---------------
 ETL total                                    105.1s
   read + sample/double                        43.7s
   enrich (device+referrer)                     0.1s
   orders derivation                           24.3s
   catalog derivation                          37.0s
   ETL Parquet write                          223.9s
 Attribution total                            243.3s
   session_referrers build                    185.2s
   last-touch join                             58.1s
   attribution Parquet write                   63.5s
 Anomaly detection total                       15.8s
   daily anomalies                              4.3s
   category anomalies                          11.6s
   anomaly Parquet write                       12.0s
 ----------------------------------- ---------------
 TOTAL PIPELINE TIME                          674.0s
============================================================
 Output path: gs://dss-project-dax/results/5w_10gb
============================================================

Job [29c23a9f97294b8ea83508f8001a3d61] finished successfully.
done: true
driverControlFilesUri: gs://dataproc-staging-us-central1-704841236800-wzq7a0lk/google-cloud-dataproc-metainfo/84e97fcd-a216-4617-bfd2-4016adccec05/jobs/29c23a9f97294b8ea83508f8001a3d61/
driverOutputResourceUri: gs://dataproc-staging-us-central1-704841236800-wzq7a0lk/google-cloud-dataproc-metainfo/84e97fcd-a216-4617-bfd2-4016adccec05/jobs/29c23a9f97294b8ea83508f8001a3d61/driveroutput
jobUuid: a468a5f4-ce8e-321c-9442-d6c6d52bf994
placement:
  clusterName: dss-bench-5w-10gb-8864
  clusterUuid: 84e97fcd-a216-4617-bfd2-4016adccec05
pysparkJob:
  args:
  - --input=gs://dss-project-dax/data/full/2019-Oct.csv
  - --output=gs://dss-project-dax/results/5w_10gb
  - --sample-fraction=2.0
  mainPythonFileUri: gs://dss-project-dax/scripts/cloud_pipeline.py
reference:
  jobId: 29c23a9f97294b8ea83508f8001a3d61
  projectId: project-a0b2f7d8-d4bf-4557-923
status:
  state: DONE
  stateStartTime: '2026-04-05T04:51:39.829332Z'
statusHistory:
- state: PENDING
  stateStartTime: '2026-04-05T04:39:55.308453Z'
- state: SETUP_DONE
  stateStartTime: '2026-04-05T04:39:55.407852Z'
- details: Agent reported job success
  state: RUNNING
  stateStartTime: '2026-04-05T04:39:55.916133Z'
yarnApplications:
- memoryMbSeconds: '21651537'
  name: DSS_Cloud_Pipeline
  progress: 1.0
  state: FINISHED
  trackingUrl: http://dss-bench-5w-10gb-8864-m.us-central1-b.c.project-a0b2f7d8-d4bf-4557-923.internal.:8088/proxy/application_1775363913363_0001/
  vcoreSeconds: '6602'
Waiting on operation [projects/project-a0b2f7d8-d4bf-4557-923/regions/us-central1/operations/ef822920-609a-35bc-ab5c-5ae57efdf744].
Waiting for cluster deletion operation...
........................................................................................................................................................done.
Deleted [https://dataproc.googleapis.com/v1/projects/project-a0b2f7d8-d4bf-4557-923/regions/us-central1/clusters/dss-bench-5w-10gb-8864].
